Microchip MPLAB XC8 Compiler V3.00

Linker command line:

-W-3 --edf=/opt/microchip/xc8/v3.00/pic/dat/20241204225717_en.msgs -cn \
  -h+dist/default/production/microwave.X.production.sym \
  --cmf=dist/default/production/microwave.X.production.cmf -z -Q16F877A \
  -o/tmp/xcXdjMhBn/driver_tmp_3.o --defsym=__MPLAB_BUILD=1 \
  --fixupoverflow=error \
  -Mdist/default/production/microwave.X.production.map \
  --md=/tmp/xcXdjMhBn/driver_tmp_0.dat -E1 -ver=XC8 Compiler \
  -ACODE=00h-07FFhx4 -ASTRCODE=00h-01FFFh -ASTRING=00h-0FFhx32 \
  -ACONST=00h-0FFhx32 -AENTRY=00h-0FFhx32 -ACOMMON=070h-07Fh \
  -ABANK0=020h-06Fh -ABANK1=0A0h-0EFh -ABANK2=0110h-016Fh \
  -ABANK3=0190h-01EFh -ARAM=020h-06Fh,0A0h-0EFh,0110h-016Fh,0190h-01EFh \
  -AABS1=020h-07Fh,0A0h-0EFh,0110h-016Fh,0190h-01EFh -ASFR0=00h-01Fh \
  -ASFR1=080h-09Fh -ASFR2=0100h-010Fh -ASFR3=0180h-018Fh \
  -ACONFIG=02007h-02007h -DCONFIG=2 -AIDLOC=02000h-02003h -DIDLOC=2 \
  -AEEDATA=00h-0FFh/02100h -peeprom_data=EEDATA -DEEDATA=2 -DCODE=2 \
  -DSTRCODE=2 -DSTRING=2 -DCONST=2 -DENTRY=2 \
  -preset_vec=00h,intentry=04h,sivt,init,end_init -ppowerup=CODE \
  -pcinit=CODE -pfunctab=ENTRY -k /tmp/xcXdjMhBn/driver_tmp_12.o \
  dist/default/production/microwave.X.production.o 

Object code version is 3.11

Machine type is 16F877A



                Name                               Link     Load   Length Selector   Space Scale
/tmp/xcXdjMhBn/driver_tmp_12.o
                end_init                              C        C        3        8       0
                reset_vec                             0        0        3        0       0
                config                             2007     2007        1        0       4
dist/default/production/microwave.X.production.o
                cinit                                 F        F       25        8       0
                intentry                              4        4        8        8       0
                config                             2007     2007        1        0       4
                text20                              F1B      F1B       35     1E36       0
                text19                              4B8      4B8       36        8       0
                text18                              F50      F50       57     1EA0       0
                text17                              E1F      E1F        B     1C3E       0
                text16                              E37      E37       10     1C6E       0
                text15                              E2A      E2A        D     1C54       0
                text14                              E7E      E7E       1E     1CFC       0
                text13                              EEC      EEC       2F     1DD8       0
                text12                              EBF      EBF       2D     1D7E       0
                text11                              E58      E58       13     1CB0       0
                text10                              791      791       6D      BE8       0
                text9                               6D6      6D6       BB      BE8       0
                text8                               E9C      E9C       23     1D38       0
                text7                               453      453       65        8       0
                text6                               FA7      FA7       59     1F4E       0
                text5                               E6B      E6B       13     1CD6       0
                text4                               E47      E47       11     1C8E       0
                text3                                34       34      16D        8       0
                text2                               1A1      1A1      15A        8       0
                text1                               5F4      5F4       E2      BE8       0
                maintext                            2FB      2FB      158        8       0
                cstackBANK0                          20       20       14       20       1
                cstackCOMMON                         70       70        9       70       1
                dataBANK0                            41       41        2       20       1
                bssBANK0                             34       34        D       20       1
                dataCOMMON                           7B       7B        1       70       1
                bssCOMMON                            79       79        2       70       1
                stringtext                          500      500       F4        A       0
                strings                             4EE      4EE       12      9DC       0
                idataBANK0                          7FE      7FE        2      BE8       0
                idataCOMMON                           3        3        1        0       0

TOTAL           Name                               Link     Load   Length     Space
        CLASS   CODE           
                end_init                              C        C        3         0
                cinit                                 F        F       25         0
                intentry                              4        4        8         0
                reset_vec                             0        0        3         0
                text20                              F1B      F1B       35         0
                text19                              4B8      4B8       36         0
                text18                              F50      F50       57         0
                text17                              E1F      E1F        B         0
                text16                              E37      E37       10         0
                text15                              E2A      E2A        D         0
                text14                              E7E      E7E       1E         0
                text13                              EEC      EEC       2F         0
                text12                              EBF      EBF       2D         0
                text11                              E58      E58       13         0
                text10                              791      791       6D         0
                text9                               6D6      6D6       BB         0
                text8                               E9C      E9C       23         0
                text7                               453      453       65         0
                text6                               FA7      FA7       59         0
                text5                               E6B      E6B       13         0
                text4                               E47      E47       11         0
                text3                                34       34      16D         0
                text2                               1A1      1A1      15A         0
                text1                               5F4      5F4       E2         0
                maintext                            2FB      2FB      158         0
                idataBANK0                          7FE      7FE        2         0
                idataCOMMON                           3        3        1         0

        CLASS   STRCODE        
                stringtext                          500      500       F4         0

        CLASS   STRING         
                strings                             4EE      4EE       12         0

        CLASS   CONST          

        CLASS   ENTRY          

        CLASS   COMMON         
                cstackCOMMON                         70       70        9         1
                dataCOMMON                           7B       7B        1         1
                bssCOMMON                            79       79        2         1

        CLASS   BANK0          
                cstackBANK0                          20       20       14         1
                dataBANK0                            41       41        2         1
                bssBANK0                             34       34        D         1

        CLASS   BANK1          

        CLASS   BANK2          

        CLASS   BANK3          

        CLASS   RAM            

        CLASS   ABS1           
                abs_s1                               7E       7E        2         1

        CLASS   SFR0           

        CLASS   SFR1           

        CLASS   SFR2           

        CLASS   SFR3           

        CLASS   CONFIG         
                config                             2007     2007        1         4

        CLASS   IDLOC          

        CLASS   EEDATA         

        CLASS   HEAP           

        CLASS   STACK          



SEGMENTS        Name                           Load    Length   Top    Selector   Space  Class     Delta

                text4                          000E47  000011  000E58      1C8E       0  CODE        2
                strings                        0004EE  000012  000500       9DC       0  STRING      2
                text8                          000E9C  000023  000EBF      1D38       0  CODE        2
                text12                         000EBF  00002D  000EEC      1D7E       0  CODE        2
                text14                         000E7E  00001E  000E9C      1CFC       0  CODE        2
                text11                         000E58  000013  000E6B      1CB0       0  CODE        2
                text5                          000E6B  000013  000E7E      1CD6       0  CODE        2
                text16                         000E37  000010  000E47      1C6E       0  CODE        2
                text17                         000E1F  00000B  000E2A      1C3E       0  CODE        2
                reset_vec                      000000  000004  000004         0       0  CODE        2
                text15                         000E2A  00000D  000E37      1C54       0  CODE        2
                text13                         000EEC  00002F  000F1B      1DD8       0  CODE        2
                cstackBANK0                    000020  000023  000043        20       1  BANK0       1
                intentry                       000004  0004EA  0004EE         8       0  CODE        2
                cstackCOMMON                   000070  00000C  00007C        70       1  COMMON      1
                text18                         000F50  000057  000FA7      1EA0       0  CODE        2
                text20                         000F1B  000035  000F50      1E36       0  CODE        2
                text6                          000FA7  000059  001000      1F4E       0  CODE        2
                stringtext                     000500  0000F4  0005F4         A       0  STRCODE     2
                text1                          0005F4  00020C  000800       BE8       0  CODE        2


UNUSED ADDRESS RANGES

        Name                Unused          Largest block    Delta
        BANK0            0043-006F             2D           1
        BANK1            00A0-00EF             50           1
        BANK2            0110-016F             60           1
        BANK3            0190-01EF             60           1
        CODE             0800-0E1E            61F           2
                         1000-1FFF            800
        COMMON           007C-007D              2           1
        CONST            0800-0E1E            100           2
                         1000-1FFF            100
        EEDATA           2100-21FF            100           2
        ENTRY            0800-0E1E            100           2
                         1000-1FFF            100
        IDLOC            2000-2003              4           2
        RAM              0043-006F             2D           1
                         00A0-00EF             50
                         0110-016F             60
                         0190-01EF             60
        SFR0             0000-001F             20           1
        SFR1             0080-009F             20           1
        SFR2             0100-010F             10           1
        SFR3             0180-018F             10           1
        STRCODE          0800-0E1E            61F           2
                         1000-1FFF           1000
        STRING           0800-0E1E            100           2
                         1000-1FFF            100

                                  Symbol Table

?___awdiv                        cstackCOMMON 0072
?___awmod                        cstackBANK0  0024
_GIE                             (abs)        005F
_PEIE                            (abs)        005E
_PORTD                           (abs)        0008
_PR2                             (abs)        0092
_RB0                             (abs)        0030
_RB1                             (abs)        0031
_RB2                             (abs)        0032
_RC1                             (abs)        0039
_RC2                             (abs)        003A
_RD0                             (abs)        0040
_RD1                             (abs)        0041
_RD2                             (abs)        0042
_RD3                             (abs)        0043
_RE1                             (abs)        0049
_RE2                             (abs)        004A
_T2CKPS0                         (abs)        0090
_T2CKPS1                         (abs)        0091
_TMR2IE                          (abs)        0461
_TMR2IF                          (abs)        0061
_TMR2ON                          (abs)        0092
_TRISB                           (abs)        0086
_TRISC1                          (abs)        0439
_TRISC2                          (abs)        043A
_TRISD                           (abs)        0088
_TRISE1                          (abs)        0449
_TRISE2                          (abs)        044A
__H__absolute__                  __absolute__ 0000
__Habs1                          abs1         0000
__Hbank0                         bank0        0000
__Hbank1                         bank1        0000
__Hbank2                         bank2        0000
__Hbank3                         bank3        0000
__HbssBANK0                      bssBANK0     0000
__HbssCOMMON                     bssCOMMON    0000
__Hcinit                         cinit        0034
__Hclrtext                       clrtext      0000
__Hcode                          code         0000
__Hcommon                        common       0000
__Hconfig                        config       2008
__HcstackBANK0                   cstackBANK0  0000
__HcstackCOMMON                  cstackCOMMON 0000
__HdataBANK0                     dataBANK0    0000
__HdataCOMMON                    dataCOMMON   0000
__Heeprom_data                   eeprom_data  0000
__Hend_init                      end_init     000F
__Hfunctab                       functab      0000
__Hheap                          heap         0000
__HidataBANK0                    idataBANK0   0000
__HidataCOMMON                   idataCOMMON  0000
__Hinit                          init         000C
__Hintentry                      intentry     000C
__Hmaintext                      maintext     0000
__Hpowerup                       powerup      0000
__Hram                           ram          0000
__Hreset_vec                     reset_vec    0003
__Hsfr0                          sfr0         0000
__Hsfr1                          sfr1         0000
__Hsfr2                          sfr2         0000
__Hsfr3                          sfr3         0000
__Hsivt                          sivt         000C
__Hspace_0                       (abs)        1000
__Hspace_1                       (abs)        007C
__Hspace_2                       (abs)        0000
__Hspace_3                       (abs)        0000
__Hspace_4                       (abs)        400F
__Hstack                         stack        0000
__Hstrings                       strings      0000
__Hstringtext                    stringtext   0000
__Htext                          text         0000
__L__absolute__                  __absolute__ 0000
__Labs1                          abs1         0000
__Lbank0                         bank0        0000
__Lbank1                         bank1        0000
__Lbank2                         bank2        0000
__Lbank3                         bank3        0000
__LbssBANK0                      bssBANK0     0000
__LbssCOMMON                     bssCOMMON    0000
__Lcinit                         cinit        000F
__Lclrtext                       clrtext      0000
__Lcode                          code         0000
__Lcommon                        common       0000
__Lconfig                        config       0000
__LcstackBANK0                   cstackBANK0  0000
__LcstackCOMMON                  cstackCOMMON 0000
__LdataBANK0                     dataBANK0    0000
__LdataCOMMON                    dataCOMMON   0000
__Leeprom_data                   eeprom_data  0000
__Lend_init                      end_init     000C
__Lfunctab                       functab      0000
__Lheap                          heap         0000
__LidataBANK0                    idataBANK0   0000
__LidataCOMMON                   idataCOMMON  0000
__Linit                          init         000C
__Lintentry                      intentry     0004
__Lmaintext                      maintext     0000
__Lpowerup                       powerup      0000
__Lram                           ram          0000
__Lreset_vec                     reset_vec    0000
__Lsfr0                          sfr0         0000
__Lsfr1                          sfr1         0000
__Lsfr2                          sfr2         0000
__Lsfr3                          sfr3         0000
__Lsivt                          sivt         000C
__Lspace_0                       (abs)        0000
__Lspace_1                       (abs)        0000
__Lspace_2                       (abs)        0000
__Lspace_3                       (abs)        0000
__Lspace_4                       (abs)        0000
__Lstack                         stack        0000
__Lstrings                       strings      0000
__Lstringtext                    stringtext   0000
__Ltext                          text         0000
__S0                             (abs)        1000
__S1                             (abs)        007C
__S3                             (abs)        0000
___awdiv                         text7        0453
___awdiv@counter                 cstackBANK0  0020
___awdiv@dividend                cstackCOMMON 0074
___awdiv@divisor                 cstackCOMMON 0072
___awdiv@quotient                cstackBANK0  0022
___awdiv@sign                    cstackBANK0  0021
___awmod                         text6        0FA7
___awmod@counter                 cstackCOMMON 0076
___awmod@dividend                cstackBANK0  0026
___awmod@divisor                 cstackBANK0  0024
___awmod@sign                    cstackCOMMON 0077
___bmul                          text5        0E6B
___bmul@multiplicand             cstackCOMMON 0072
___bmul@multiplier               cstackCOMMON 0074
___bmul@product                  cstackCOMMON 0073
___heap_hi                       (abs)        0000
___heap_lo                       (abs)        0000
___int_sp                        stack        0000
___int_stack_hi                  stack        0000
___int_stack_lo                  stack        0000
___latbits                       (abs)        0002
___sp                            stack        0000
___stack_hi                      stack        0000
___stack_lo                      stack        0000
___stackhi                       (abs)        0000
___stacklo                       (abs)        0000
__end_of___awdiv                 text7        04B8
__end_of___awmod                 text6        1000
__end_of___bmul                  text5        0E7E
__end_of__initialization         cinit        0030
__end_of__stringtab              strings      0500
__end_of_clcd_print              text13       0F1B
__end_of_clcd_putch              text11       0E6B
__end_of_clcd_write              text19       04EE
__end_of_clear_screen            text4        0E58
__end_of_init_clcd               text17       0E2A
__end_of_init_config             text14       0E9C
__end_of_init_display_controller text18       0FA7
__end_of_init_matrix_keypad      text16       0E47
__end_of_init_timer2             text15       0E37
__end_of_isr                     text20       0F50
__end_of_main                    maintext     0453
__end_of_menu_display_screen     text12       0EEC
__end_of_power_on_screen         text10       07FE
__end_of_read_matrix_keypad      text8        0EBF
__end_of_scan_keypad             text9        0791
__end_of_set_temp                text3        01A1
__end_of_set_time                text2        02FB
__end_of_time_display_screen     text1        06D6
__initialization                 cinit        000F
__pbssBANK0                      bssBANK0     0034
__pbssCOMMON                     bssCOMMON    0079
__pcstackBANK0                   cstackBANK0  0020
__pcstackCOMMON                  cstackCOMMON 0070
__pdataBANK0                     dataBANK0    0041
__pdataCOMMON                    dataCOMMON   007B
__pidataBANK0                    idataBANK0   07FE
__pidataCOMMON                   idataCOMMON  0003
__pintentry                      intentry     0004
__pmaintext                      maintext     02FB
__pstrings                       strings      04EE
__pstringtext                    stringtext   0500
__ptext1                         text1        05F4
__ptext10                        text10       0791
__ptext11                        text11       0E58
__ptext12                        text12       0EBF
__ptext13                        text13       0EEC
__ptext14                        text14       0E7E
__ptext15                        text15       0E2A
__ptext16                        text16       0E37
__ptext17                        text17       0E1F
__ptext18                        text18       0F50
__ptext19                        text19       04B8
__ptext2                         text2        01A1
__ptext20                        text20       0F1B
__ptext3                         text3        0034
__ptext4                         text4        0E47
__ptext5                         text5        0E6B
__ptext6                         text6        0FA7
__ptext7                         text7        0453
__ptext8                         text8        0E9C
__ptext9                         text9        06D6
__stringbase                     strings      0500
__stringtab                      strings      04EE
_clcd_print                      text13       0EEC
_clcd_putch                      text11       0E58
_clcd_write                      text19       04B8
_clear_screen                    text4        0E47
_flag                            bssBANK0     003E
_init_clcd                       text17       0E1F
_init_config                     text14       0E7E
_init_display_controller         text18       0F50
_init_matrix_keypad              text16       0E37
_init_timer2                     text15       0E2A
_isr                             text20       0F1B
_main                            maintext     02FB
_menu_display_screen             text12       0EBF
_min                             bssBANK0     003F
_nRBPU                           (abs)        040F
_operation_flag                  dataBANK0    0041
_power_on_screen                 text10       0791
_read_matrix_keypad              text8        0E9C
_scan_keypad                     text9        06D6
_sec                             bssBANK0     0040
_set_temp                        text3        0034
_set_time                        text2        01A1
_time_display_screen             text1        05F4
btemp                            (abs)        007E
clcd_print@addr                  cstackCOMMON 0078
clcd_print@str                   cstackCOMMON 0076
clcd_putch@addr                  cstackBANK0  0028
clcd_putch@data                  cstackCOMMON 0078
clcd_write@byte                  cstackCOMMON 0075
clcd_write@mode                  cstackCOMMON 0072
end_of_initialization            cinit        0030
interrupt_function               intentry     0004
intlevel0                        functab      0000
intlevel1                        functab      0000
intlevel2                        functab      0000
intlevel3                        functab      0000
intlevel4                        functab      0000
intlevel5                        functab      0000
isr@count                        bssCOMMON    0079
main@key                         cstackBANK0  0033
main@reset_flag                  cstackBANK0  0031
power_on_screen@i                cstackBANK0  002C
read_matrix_keypad@key           cstackCOMMON 0075
read_matrix_keypad@mode          cstackCOMMON 0074
read_matrix_keypad@once          dataCOMMON   007B
reset_vec                        reset_vec    0000
saved_w                          (abs)        007E
scan_keypad@i                    cstackCOMMON 0072
set_temp@blink                   bssBANK0     003C
set_temp@key                     cstackBANK0  002D
set_temp@key_count               bssBANK0     003D
set_temp@reset_flag              cstackBANK0  0029
set_temp@temp                    bssBANK0     003B
set_temp@wait                    bssBANK0     0036
set_time@blink                   bssBANK0     0038
set_time@blink_pos               bssBANK0     0039
set_time@key                     cstackBANK0  002D
set_time@key_count               bssBANK0     003A
set_time@reset_flag              cstackBANK0  0029
set_time@wait                    bssBANK0     0034
start                            init         000C
start_initialization             cinit        000F
wtemp0                           (abs)        007E


MODULE INFORMATION

Module		Function		Class		Link	Load	Size
/opt/microchip/xc8/v3.00/pic/sources/c99/common/awdiv.c
		___awdiv       		CODE           	0453	0000	101

/opt/microchip/xc8/v3.00/pic/sources/c99/common/awdiv.c estimated size: 101

timers.c
		_init_timer2   		CODE           	0E2A	0000	13

timers.c estimated size: 13

matrix_keypad.c
		_init_matrix_keypad		CODE           	0E37	0000	16
		_read_matrix_keypad		CODE           	0E9C	0000	35
		_scan_keypad   		CODE           	06D6	0000	187

matrix_keypad.c estimated size: 238

/opt/microchip/xc8/v3.00/pic/sources/c99/common/Umul8.c
		___bmul        		CODE           	0E6B	0000	19

/opt/microchip/xc8/v3.00/pic/sources/c99/common/Umul8.c estimated size: 19

shank.c
		_time_display_screen		CODE           	05F4	0000	226
		_main          		CODE           	02FB	0000	344
		_set_temp      		CODE           	0034	0000	365
		_menu_display_screen		CODE           	0EBF	0000	45
		_clear_screen  		CODE           	0E47	0000	17
		_power_on_screen		CODE           	0791	0000	109
		_set_time      		CODE           	01A1	0000	346
		_init_config   		CODE           	0E7E	0000	30

shank.c estimated size: 1482

isr.c
		_isr           		CODE           	0F1B	0000	53

isr.c estimated size: 53

shared
		__stringtab    		STRING         	04EE	0000	18
		__initialization		CODE           	000F	0000	33

shared estimated size: 51

clcd.c
		_clcd_write    		CODE           	04B8	0000	54
		_clcd_print    		CODE           	0EEC	0000	47
		_clcd_putch    		CODE           	0E58	0000	19
		_init_display_controller		CODE           	0F50	0000	87
		_init_clcd     		CODE           	0E1F	0000	11

clcd.c estimated size: 218

/opt/microchip/xc8/v3.00/pic/sources/c99/common/awmod.c
		___awmod       		CODE           	0FA7	0000	89

/opt/microchip/xc8/v3.00/pic/sources/c99/common/awmod.c estimated size: 89

